********* Start testing of Log4QtTest *********
Config: Using QtTest library 6.9.0, Qt 6.9.0 (x86_64-little_endian-llp64 shared (dynamic) debug build; by MSVC 2022), windows 11
INFO   : Log4QtTest::initTestCase() entering
QDEBUG : Log4QtTest::initTestCase() Using temporaray directory:  "C:/Users/bacher/AppData/Local/Temp/Log4QtTest_20260328_165730857"
PASS   : Log4QtTest::initTestCase()
INFO   : Log4QtTest::DateTime_alternativelyFormat() entering
PASS   : Log4QtTest::DateTime_alternativelyFormat(EMPTY)
PASS   : Log4QtTest::DateTime_alternativelyFormat(INVALID)
PASS   : Log4QtTest::DateTime_alternativelyFormat(NONE)
PASS   : Log4QtTest::DateTime_alternativelyFormat(RELATIVE)
PASS   : Log4QtTest::DateTime_alternativelyFormat(ISO8601)
PASS   : Log4QtTest::DateTime_alternativelyFormat(ABSOLUTE)
PASS   : Log4QtTest::DateTime_alternativelyFormat(DATE)
PASS   : Log4QtTest::DateTime_alternativelyFormat(CUSTOM1)
INFO   : Log4QtTest::DateTime_milliseconds() entering
PASS   : Log4QtTest::DateTime_milliseconds(2001-09-07 15:07:05.009)
INFO   : Log4QtTest::PatternFormatter() entering
QWARN  : Log4QtTest::PatternFormatter() Duplicate data tag "Java class documentation example 2" - please rename.
PASS   : Log4QtTest::PatternFormatter(Default conversion)
PASS   : Log4QtTest::PatternFormatter(TTCC conversion)
PASS   : Log4QtTest::PatternFormatter(Java class documentation example 1)
PASS   : Log4QtTest::PatternFormatter(Java class documentation example 2)
PASS   : Log4QtTest::PatternFormatter(Java class documentation example 2)
PASS   : Log4QtTest::PatternFormatter(Java class documentation example 2, truncating)
PASS   : Log4QtTest::PatternFormatter(TTCC with ISO date)
PASS   : Log4QtTest::PatternFormatter(TTCC conversion with file, line and method)
PASS   : Log4QtTest::PatternFormatter(TTCC conversion with location information)
PASS   : Log4QtTest::PatternFormatter(TTCC conversion with file, line and method - Qt logger)
PASS   : Log4QtTest::PatternFormatter(TTCC conversion with file, line and method - Qt logger no category)
INFO   : Log4QtTest::Properties_default() entering
PASS   : Log4QtTest::Properties_default(Existing value)
PASS   : Log4QtTest::Properties_default(Empty value)
PASS   : Log4QtTest::Properties_default(Null value)
PASS   : Log4QtTest::Properties_default(Default value)
PASS   : Log4QtTest::Properties_default(Non existing value)
INFO   : Log4QtTest::Properties_names() entering
PASS   : Log4QtTest::Properties_names()
INFO   : Log4QtTest::Properties_load_device() entering
PASS   : Log4QtTest::Properties_load_device(Java class documentation example 1a)
PASS   : Log4QtTest::Properties_load_device(Java class documentation example 1b)
PASS   : Log4QtTest::Properties_load_device(Java class documentation example 1c)
PASS   : Log4QtTest::Properties_load_device(Java class documentation example 2)
PASS   : Log4QtTest::Properties_load_device(Java class documentation example 3)
PASS   : Log4QtTest::Properties_load_device(Key escape sequences)
PASS   : Log4QtTest::Properties_load_device(Value escape sequences)
PASS   : Log4QtTest::Properties_load_device(Invalid escape sequences)
PASS   : Log4QtTest::Properties_load_device(Unicode escape sequence)
PASS   : Log4QtTest::Properties_load_device(Unicode escape sequence at the end)
PASS   : Log4QtTest::Properties_load_device(Empty key)
INFO   : Log4QtTest::Properties_load_settings() entering
PASS   : Log4QtTest::Properties_load_settings()
INFO   : Log4QtTest::OptionConverter_boolean() entering
PASS   : Log4QtTest::OptionConverter_boolean(true)
PASS   : Log4QtTest::OptionConverter_boolean(enabled)
PASS   : Log4QtTest::OptionConverter_boolean(1)
PASS   : Log4QtTest::OptionConverter_boolean(false)
PASS   : Log4QtTest::OptionConverter_boolean(disabled)
PASS   : Log4QtTest::OptionConverter_boolean(0)
PASS   : Log4QtTest::OptionConverter_boolean(Case)
PASS   : Log4QtTest::OptionConverter_boolean(Trim)
PASS   : Log4QtTest::OptionConverter_boolean(No Boolean)
INFO   : Log4QtTest::OptionConverter_filesize() entering
PASS   : Log4QtTest::OptionConverter_filesize(Int)
PASS   : Log4QtTest::OptionConverter_filesize(Trim)
PASS   : Log4QtTest::OptionConverter_filesize(KB)
PASS   : Log4QtTest::OptionConverter_filesize(KB case)
PASS   : Log4QtTest::OptionConverter_filesize(KB trim)
PASS   : Log4QtTest::OptionConverter_filesize(MB)
PASS   : Log4QtTest::OptionConverter_filesize(GB)
PASS   : Log4QtTest::OptionConverter_filesize(Invalid negative)
PASS   : Log4QtTest::OptionConverter_filesize(Invalid character)
PASS   : Log4QtTest::OptionConverter_filesize(Invalid character with unit)
PASS   : Log4QtTest::OptionConverter_filesize(Invalid additional text)
INFO   : Log4QtTest::OptionConverter_int() entering
PASS   : Log4QtTest::OptionConverter_int(Positive)
PASS   : Log4QtTest::OptionConverter_int(Negative)
PASS   : Log4QtTest::OptionConverter_int(Trim)
PASS   : Log4QtTest::OptionConverter_int(No integer)
INFO   : Log4QtTest::OptionConverter_level() entering
PASS   : Log4QtTest::OptionConverter_level(Case)
PASS   : Log4QtTest::OptionConverter_level(Trim)
PASS   : Log4QtTest::OptionConverter_level(Default)
INFO   : Log4QtTest::OptionConverter_substitution() entering
QWARN  : Log4QtTest::OptionConverter_substitution() Duplicate data tag "Existing value" - please rename.
PASS   : Log4QtTest::OptionConverter_substitution(Existing value)
PASS   : Log4QtTest::OptionConverter_substitution(Existing value)
PASS   : Log4QtTest::OptionConverter_substitution(Empty value)
PASS   : Log4QtTest::OptionConverter_substitution(Null value)
PASS   : Log4QtTest::OptionConverter_substitution(Substitution)
PASS   : Log4QtTest::OptionConverter_substitution(Substitution with two values)
PASS   : Log4QtTest::OptionConverter_substitution(Substitution recursive)
PASS   : Log4QtTest::OptionConverter_substitution(Substitution missing bracket)
PASS   : Log4QtTest::OptionConverter_substitution(Substitution spare brackets)
INFO   : Log4QtTest::OptionConverter_target() entering
PASS   : Log4QtTest::OptionConverter_target(stdout cpp)
PASS   : Log4QtTest::OptionConverter_target(stdout java)
PASS   : Log4QtTest::OptionConverter_target(stderr cpp)
PASS   : Log4QtTest::OptionConverter_target(stderr java)
PASS   : Log4QtTest::OptionConverter_target(trim)
PASS   : Log4QtTest::OptionConverter_target(error)
INFO   : Log4QtTest::Factory_createAppender() entering
PASS   : Log4QtTest::Factory_createAppender(ConsoleAppender java)
PASS   : Log4QtTest::Factory_createAppender(ConsoleAppender cpp)
PASS   : Log4QtTest::Factory_createAppender(DailyRollingFileAppender java)
PASS   : Log4QtTest::Factory_createAppender(DailyRollingFileAppender cpp)
PASS   : Log4QtTest::Factory_createAppender(DebugAppender java)
PASS   : Log4QtTest::Factory_createAppender(DebugAppender cpp)
PASS   : Log4QtTest::Factory_createAppender(FileAppender java)
PASS   : Log4QtTest::Factory_createAppender(FileAppender cpp)
PASS   : Log4QtTest::Factory_createAppender(ListAppender java)
PASS   : Log4QtTest::Factory_createAppender(ListAppender cpp)
PASS   : Log4QtTest::Factory_createAppender(NullAppender java)
PASS   : Log4QtTest::Factory_createAppender(NullAppender cpp)
PASS   : Log4QtTest::Factory_createAppender(RollingFileAppender java)
PASS   : Log4QtTest::Factory_createAppender(RollingFileAppender cpp)
INFO   : Log4QtTest::Factory_createFilter() entering
PASS   : Log4QtTest::Factory_createFilter(DenyAllFilter java)
PASS   : Log4QtTest::Factory_createFilter(DenyAllFilter cpp)
PASS   : Log4QtTest::Factory_createFilter(LevelMatchFilter java)
PASS   : Log4QtTest::Factory_createFilter(LevelMatchFilter cpp)
PASS   : Log4QtTest::Factory_createFilter(LevelRangeFilter java)
PASS   : Log4QtTest::Factory_createFilter(LevelRangeFilter cpp)
PASS   : Log4QtTest::Factory_createFilter(StringMatchFilter java)
PASS   : Log4QtTest::Factory_createFilter(StringMatchFilter cpp)
INFO   : Log4QtTest::Factory_createLayout() entering
PASS   : Log4QtTest::Factory_createLayout(PatternLayout java)
PASS   : Log4QtTest::Factory_createLayout(PatternLayout cpp)
PASS   : Log4QtTest::Factory_createLayout(SimpleLayout java)
PASS   : Log4QtTest::Factory_createLayout(SimpleLayout cpp)
PASS   : Log4QtTest::Factory_createLayout(TTCCLayout java)
PASS   : Log4QtTest::Factory_createLayout(TTCCLayout cpp)
INFO   : Log4QtTest::Factory_setObjectProperty() entering
PASS   : Log4QtTest::Factory_setObjectProperty(Bool)
PASS   : Log4QtTest::Factory_setObjectProperty(Int)
PASS   : Log4QtTest::Factory_setObjectProperty(QString)
PASS   : Log4QtTest::Factory_setObjectProperty(Null object)
PASS   : Log4QtTest::Factory_setObjectProperty(Empty property string)
PASS   : Log4QtTest::Factory_setObjectProperty(Property does not exist)
PASS   : Log4QtTest::Factory_setObjectProperty(Property not writable)
INFO   : Log4QtTest::ListAppender() entering
PASS   : Log4QtTest::ListAppender()
INFO   : Log4QtTest::DenyAllFilter() entering
PASS   : Log4QtTest::DenyAllFilter()
INFO   : Log4QtTest::LevelMatchFilter() entering
PASS   : Log4QtTest::LevelMatchFilter(No match, No accept)
PASS   : Log4QtTest::LevelMatchFilter(No match, Accept)
PASS   : Log4QtTest::LevelMatchFilter(Match, No accept)
PASS   : Log4QtTest::LevelMatchFilter(Match, Accept)
INFO   : Log4QtTest::LevelRangeFilter() entering
PASS   : Log4QtTest::LevelRangeFilter(Too low, No accept)
PASS   : Log4QtTest::LevelRangeFilter(Too high, No accept)
PASS   : Log4QtTest::LevelRangeFilter(Min, No accept)
PASS   : Log4QtTest::LevelRangeFilter(Inside, No accept)
PASS   : Log4QtTest::LevelRangeFilter(Max, No accept)
PASS   : Log4QtTest::LevelRangeFilter(Min not initialised, No accept)
PASS   : Log4QtTest::LevelRangeFilter(Max not initialised, No accept)
PASS   : Log4QtTest::LevelRangeFilter(Too low, Accept)
PASS   : Log4QtTest::LevelRangeFilter(Too high, Accept)
PASS   : Log4QtTest::LevelRangeFilter(Min, Accept)
PASS   : Log4QtTest::LevelRangeFilter(Inside, Accept)
PASS   : Log4QtTest::LevelRangeFilter(Max, Accept)
PASS   : Log4QtTest::LevelRangeFilter(Min not initialised, Accept)
PASS   : Log4QtTest::LevelRangeFilter(Max not initialised, Accept)
INFO   : Log4QtTest::StringMatchFilter() entering
PASS   : Log4QtTest::StringMatchFilter(No match, No accept)
PASS   : Log4QtTest::StringMatchFilter(Match, No accept)
PASS   : Log4QtTest::StringMatchFilter(No match, Accept)
PASS   : Log4QtTest::StringMatchFilter(Match, Accept)
PASS   : Log4QtTest::StringMatchFilter(Empty message, No accept)
PASS   : Log4QtTest::StringMatchFilter(Empty message, Accept)
PASS   : Log4QtTest::StringMatchFilter(Empty filter, No accept)
PASS   : Log4QtTest::StringMatchFilter(Empty filter, Accept)
INFO   : Log4QtTest::StringMatchFilterCaseInsensitive() entering
PASS   : Log4QtTest::StringMatchFilterCaseInsensitive(No match, CaseInsensitive, No accept)
PASS   : Log4QtTest::StringMatchFilterCaseInsensitive(Match, CaseInsensitive, No accept)
PASS   : Log4QtTest::StringMatchFilterCaseInsensitive(No Match, CaseInsensitive, Accept)
PASS   : Log4QtTest::StringMatchFilterCaseInsensitive(Match, CaseInsensitive, Accept)
PASS   : Log4QtTest::StringMatchFilterCaseInsensitive(Empty message, CaseInsensitive, No accept)
PASS   : Log4QtTest::StringMatchFilterCaseInsensitive(Empty message, CaseInsensitive, Accept)
PASS   : Log4QtTest::StringMatchFilterCaseInsensitive(Empty filter, CaseInsensitive, No accept)
PASS   : Log4QtTest::StringMatchFilterCaseInsensitive(Empty filter, CaseInsensitive, Accept)
INFO   : Log4QtTest::AppenderSkeleton_threshold() entering
PASS   : Log4QtTest::AppenderSkeleton_threshold()
INFO   : Log4QtTest::AppenderSkeleton_filter() entering
PASS   : Log4QtTest::AppenderSkeleton_filter(Single filter, NEUTRAL)
PASS   : Log4QtTest::AppenderSkeleton_filter(Single filter, ACCEPT)
PASS   : Log4QtTest::AppenderSkeleton_filter(Single filter, DENY)
PASS   : Log4QtTest::AppenderSkeleton_filter(Double filter, NEUTRAL NEUTRAL)
PASS   : Log4QtTest::AppenderSkeleton_filter(Double filter, NEUTRAL ACCEPT)
PASS   : Log4QtTest::AppenderSkeleton_filter(Double filter, NEUTRAL DENY)
PASS   : Log4QtTest::AppenderSkeleton_filter(Double filter, ACCEPT NEUTRAL)
PASS   : Log4QtTest::AppenderSkeleton_filter(Double filter, ACCEPT ACCEPT)
PASS   : Log4QtTest::AppenderSkeleton_filter(Double filter, ACCEPT DENY)
PASS   : Log4QtTest::AppenderSkeleton_filter(Double filter, DENY NEUTRAL)
PASS   : Log4QtTest::AppenderSkeleton_filter(Double filter, DENY ACCEPT)
PASS   : Log4QtTest::AppenderSkeleton_filter(Double filter, DENY DENY)
INFO   : Log4QtTest::BasicConfigurator() entering
PASS   : Log4QtTest::BasicConfigurator()
INFO   : Log4QtTest::FileAppender() entering
PASS   : Log4QtTest::FileAppender()
INFO   : Log4QtTest::DailyRollingFileAppender() entering
QDEBUG : Log4QtTest::DailyRollingFileAppender() The test is time based and takes approximately 3 minutes ...
QDEBUG : Log4QtTest::DailyRollingFileAppender()    1 / 7
QDEBUG : Log4QtTest::DailyRollingFileAppender()    2 / 7
QDEBUG : Log4QtTest::DailyRollingFileAppender()    3 / 7
QDEBUG : Log4QtTest::DailyRollingFileAppender()    4 / 7
QDEBUG : Log4QtTest::DailyRollingFileAppender()    5 / 7
QDEBUG : Log4QtTest::DailyRollingFileAppender()    6 / 7
QDEBUG : Log4QtTest::DailyRollingFileAppender()    7 / 7
PASS   : Log4QtTest::DailyRollingFileAppender()
INFO   : Log4QtTest::LoggingEvent_stream() entering
PASS   : Log4QtTest::LoggingEvent_stream(Empty logging event)
PASS   : Log4QtTest::LoggingEvent_stream(Logging event)
PASS   : Log4QtTest::LoggingEvent_stream(Logging no logger)
INFO   : Log4QtTest::LoggingEvent_threadName() entering
PASS   : Log4QtTest::LoggingEvent_threadName()
INFO   : Log4QtTest::LoggingEvent_threadNameReactive() entering
PASS   : Log4QtTest::LoggingEvent_threadNameReactive()
INFO   : Log4QtTest::MessageContext_source_location() entering
PASS   : Log4QtTest::MessageContext_source_location()
INFO   : Log4QtTest::LogManager_configureLogLogger() entering
PASS   : Log4QtTest::LogManager_configureLogLogger()
INFO   : Log4QtTest::PropertyConfigurator_missing_appender() entering
PASS   : Log4QtTest::PropertyConfigurator_missing_appender()
INFO   : Log4QtTest::PropertyConfigurator_unknown_appender_class() entering
PASS   : Log4QtTest::PropertyConfigurator_unknown_appender_class()
INFO   : Log4QtTest::PropertyConfigurator_missing_layout() entering
PASS   : Log4QtTest::PropertyConfigurator_missing_layout()
INFO   : Log4QtTest::PropertyConfigurator_unknown_layout_class() entering
PASS   : Log4QtTest::PropertyConfigurator_unknown_layout_class()
INFO   : Log4QtTest::PropertyConfigurator_reset() entering
PASS   : Log4QtTest::PropertyConfigurator_reset()
INFO   : Log4QtTest::PropertyConfigurator_debug() entering
PASS   : Log4QtTest::PropertyConfigurator_debug()
INFO   : Log4QtTest::PropertyConfigurator_threshold() entering
PASS   : Log4QtTest::PropertyConfigurator_threshold()
INFO   : Log4QtTest::PropertyConfigurator_handleQtMessages() entering
PASS   : Log4QtTest::PropertyConfigurator_handleQtMessages()
INFO   : Log4QtTest::PropertyConfigurator_example() entering
PASS   : Log4QtTest::PropertyConfigurator_example()
INFO   : Log4QtTest::RollingFileAppender() entering
PASS   : Log4QtTest::RollingFileAppender()
INFO   : Log4QtTest::cleanupTestCase() entering
PASS   : Log4QtTest::cleanupTestCase()
Totals: 186 passed, 0 failed, 0 skipped, 0 blacklisted, 157205ms
********* Finished testing of Log4QtTest *********
